[debug] [2026-04-25T11:46:47.511Z] ----------------------------------------------------------------------
[debug] [2026-04-25T11:46:47.513Z] Command:       C:\Program Files\nodejs\node.exe C:\Users\shaur\AppData\Roaming\npm\node_modules\firebase-tools\lib\bin\firebase.js init
[debug] [2026-04-25T11:46:47.514Z] CLI Version:   15.15.0
[debug] [2026-04-25T11:46:47.514Z] Platform:      win32
[debug] [2026-04-25T11:46:47.514Z] Node Version:  v24.15.0
[debug] [2026-04-25T11:46:47.514Z] Time:          Sat Apr 25 2026 17:16:47 GMT+0530 (India Standard Time)
[debug] [2026-04-25T11:46:47.514Z] ----------------------------------------------------------------------
[debug] 
[info] 
     ######## #### ########  ######## ########     ###     ######  ########
     ##        ##  ##     ## ##       ##     ##  ##   ##  ##       ##
     ######    ##  ########  ######   ########  #########  ######  ######
     ##        ##  ##    ##  ##       ##     ## ##     ##       ## ##
     ##       #### ##     ## ######## ########  ##     ##  ######  ########

You're about to initialize a Firebase project in this directory:

  D:\VS Code\FInal-year-project

[info] 
=== Project Setup
[info] 
[info] First, let's associate this project directory with a Firebase project.
[info] You can create multiple project aliases by running firebase use --add, 
[info] 
[info] i  If you want to create a project in a Google Cloud organization or folder, please use "firebase projects:create" instead, and return to this command when you've created the project. 
[debug] [2026-04-25T11:47:14.326Z] > command requires scopes: ["email","openid","https://www.googleapis.com/auth/cloudplatformprojects.readonly","https://www.googleapis.com/auth/firebase","https://www.googleapis.com/auth/cloud-platform"]
[debug] [2026-04-25T11:47:14.326Z] > authorizing via signed-in user (shauryatyagi1029@gmail.com)
[debug] [2026-04-25T11:47:43.502Z] Checked if tokens are valid: true, expires at: 1777121141772
[debug] [2026-04-25T11:47:43.503Z] Checked if tokens are valid: true, expires at: 1777121141772
[debug] [2026-04-25T11:47:43.504Z] >>> [apiv2][query] POST https://firebase.googleapis.com/v1/projects:checkProjectId [none]
[debug] [2026-04-25T11:47:43.504Z] >>> [apiv2][body] POST https://firebase.googleapis.com/v1/projects:checkProjectId {"proposedId":"krisho-9e636"}
[debug] [2026-04-25T11:47:44.111Z] <<< [apiv2][status] POST https://firebase.googleapis.com/v1/projects:checkProjectId 200
[debug] [2026-04-25T11:47:44.111Z] <<< [apiv2][body] POST https://firebase.googleapis.com/v1/projects:checkProjectId {"projectIdStatus":"PROJECT_ID_UNAVAILABLE","suggestedProjectId":"krisho-9e636-db3f2"}
